\BOOKMARK [1][-]{section.1}{\376\377\000T\000a\000s\000k\000s}{}% 1
\BOOKMARK [2][-]{subsection.1.1}{\376\377\000T\000a\000s\000k\000\040\0001}{section.1}% 2
\BOOKMARK [2][-]{subsection.1.2}{\376\377\000T\000a\000s\000k\000\040\0002}{section.1}% 3
\BOOKMARK [2][-]{subsection.1.3}{\376\377\000T\000a\000s\000k\000\040\0003}{section.1}% 4
\BOOKMARK [2][-]{subsection.1.4}{\376\377\000T\000a\000s\000k\000\040\0004}{section.1}% 5
\BOOKMARK [2][-]{subsection.1.5}{\376\377\000T\000a\000s\000k\000\040\0005}{section.1}% 6
